[
  {
    "event": "message_start",
    "data": {
      "message": {
        "content": [],
        "id": "<id>",
        "model": "gpt-5.5",
        "role": "assistant",
        "stop_reason": null,
        "stop_sequence": null,
        "type": "message",
        "usage": {
          "input_tokens": 2,
          "output_tokens": 0
        }
      },
      "type": "message_start"
    }
  },
  {
    "event": "content_block_start",
    "data": {
      "content_block": {
        "thinking": "",
        "type": "thinking"
      },
      "index": 0,
      "type": "content_block_start"
    }
  },
  {
    "event": "content_block_delta",
    "data": {
      "delta": {
        "thinking": "Checking the weather ",
        "type": "thinking_delta"
      },
      "index": 0,
      "type": "content_block_delta"
    }
  },
  {
    "event": "content_block_delta",
    "data": {
      "delta": {
        "thinking": "tool.",
        "type": "thinking_delta"
      },
      "index": 0,
      "type": "content_block_delta"
    }
  },
  {
    "event": "content_block_delta",
    "data": {
      "delta": {
        "signature": "eyJ2IjoxLCJwcm92aWRlciI6Im9wZW5haSIsImlkIjoicnNfMSIsImVuYyI6ImVuY18xIn0=",
        "type": "signature_delta"
      },
      "index": 0,
      "type": "content_block_delta"
    }
  },
  {
    "event": "content_block_stop",
    "data": {
      "index": 0,
      "type": "content_block_stop"
    }
  },
  {
    "event": "content_block_start",
    "data": {
      "content_block": {
        "text": "",
        "type": "text"
      },
      "index": 1,
      "type": "content_block_start"
    }
  },
  {
    "event": "content_block_delta",
    "data": {
      "delta": {
        "text": "Let me check",
        "type": "text_delta"
      },
      "index": 1,
      "type": "content_block_delta"
    }
  },
  {
    "event": "content_block_delta",
    "data": {
      "delta": {
        "text": " the weather.",
        "type": "text_delta"
      },
      "index": 1,
      "type": "content_block_delta"
    }
  },
  {
    "event": "content_block_stop",
    "data": {
      "index": 1,
      "type": "content_block_stop"
    }
  },
  {
    "event": "content_block_start",
    "data": {
      "content_block": {
        "id": "call_xyz__openai_reasoning__ZXlKMklqb3hMQ0p3Y205MmFXUmxjaUk2SW05d1pXNWhhU0lzSW1sa0lqb2ljbk5mTVNJc0ltVnVZeUk2SW1WdVkxOHhJbjA9",
        "input": {},
        "name": "get_weather",
        "type": "tool_use"
      },
      "index": 2,
      "type": "content_block_start"
    }
  },
  {
    "event": "content_block_delta",
    "data": {
      "delta": {
        "partial_json": "{\"city\":\"NYC\"}",
        "type": "input_json_delta"
      },
      "index": 2,
      "type": "content_block_delta"
    }
  },
  {
    "event": "content_block_stop",
    "data": {
      "index": 2,
      "type": "content_block_stop"
    }
  },
  {
    "event": "message_delta",
    "data": {
      "delta": {
        "stop_reason": "tool_use",
        "stop_sequence": null
      },
      "type": "message_delta",
      "usage": {
        "input_tokens": 150,
        "output_tokens": 45
      }
    }
  },
  {
    "event": "message_stop",
    "data": {
      "type": "message_stop"
    }
  }
]
