[
  {
    "event": "message_start",
    "data": {
      "message": {
        "content": [],
        "id": "<id>",
        "model": "claude-opus-4-8",
        "role": "assistant",
        "type": "message",
        "usage": {
          "input_tokens": 5,
          "output_tokens": 0
        }
      },
      "type": "message_start"
    }
  },
  {
    "event": "content_block_start",
    "data": {
      "content_block": {
        "text": "",
        "type": "text"
      },
      "index": 0,
      "type": "content_block_start"
    }
  },
  {
    "event": "content_block_delta",
    "data": {
      "delta": {
        "text": "Hi there!",
        "type": "text_delta"
      },
      "index": 0,
      "type": "content_block_delta"
    }
  },
  {
    "event": "content_block_stop",
    "data": {
      "index": 0,
      "type": "content_block_stop"
    }
  },
  {
    "event": "message_delta",
    "data": {
      "delta": {
        "stop_reason": "end_turn"
      },
      "type": "message_delta",
      "usage": {
        "output_tokens": 3
      }
    }
  },
  {
    "event": "message_stop",
    "data": {
      "type": "message_stop"
    }
  }
]
